error: expected integer literal
 --> tests/fails/lambda_time_not_a_number.rs:5:25
  |
5 |         lambda name mem "yes"
  |                         ^^^^^
