error: only 'bucket' and 'lambda' resources are supported. Is this a typo for bucket?
 --> tests/fails/another_bucket_typo.rs:5:9
  |
5 |         buck uniquename
  |         ^^^^
