error: only 'bucket' and 'lambda' resources are supported. Is this a typo for bucket?
 --> tests/fails/bucket_typo.rs:5:9
  |
5 |         bucke uniquename
  |         ^^^^^
