error: could not read config with path ./fake.yaml: No such file or directory (os error 2)
 --> tests/fails/unknown_config_file.rs:3:1
  |
3 | config!(path = "./fake.yaml");
  | ^^^^^^^^^^^^^^^^^^^^^^^^^^^^^
  |
  = note: this error originates in the macro `config` (in Nightly builds, run with -Z macro-backtrace for more info)
